
Hexadecimal

Area                               Addr   Size   Decimal Bytes (Attributes)
--------------------------------   ----   ----   ------- ----- ------------
.  .ABS.                           0000   0000 =      0. bytes (ABS,CON)

      Value  Global
   --------  --------------------------------
     0000    l_BIT_BANK
     0000    l_GSINIT
     0000    l_GSINIT1
     0000    l_GSINIT5
     0000    l_ISEG
     0000    l_PSEG
     0000    l_REG_BANK_1
     0000    l_REG_BANK_2
     0000    l_REG_BANK_3
     0000    l_RSEG
     0000    l_XINIT
     0000    l_XISEG
     0000    l__CODE
     0000    s_BSEG
     0000    s_DSEG
     0000    s_HOME
     0000    s_PSEG
     0000    s_REG_BANK_0
     0000    s_XSEG
     0000    s__CODE
     0001    l_BSEG
     0001    l_BSEG_BYTES
     0003    l_GSFINAL
     0003    l_GSINIT0
     0003    l_HOME
     0003    s_GSINIT0
     0006    s_GSINIT1
     0006    s_GSINIT2
     0008    l_REG_BANK_0
     0008    s_REG_BANK_1
     0009    l_OSEG
     000A    l_GSINIT2
     000E    s_OSEG
     0010    s_GSINIT3
     0010    s_REG_BANK_2
     0018    s_REG_BANK_3
     0020    s_BSEG_BYTES
     0021    s_BIT_BANK
     0021    s_RSEG
     0021    s_SSEG
     0022    l_GSINIT3
     002A    l_GSINIT4
     0032    s_GSINIT4
     005C    s_GSFINAL
     005C    s_GSINIT
     005C    s_GSINIT5
     005F    s_CSEG
     0077    l_DSEG
     0080    _P0
     0080    _P0_0
     0080    s_ISEG
     0081    _P0_1
     0081    _SP
     0082    _DP0L
     0082    _DPL
     0082    _P0_2
     0083    _DP0H
     0083    _DPH
     0083    _P0_3
     0084    _P0_4
     0085    _P0_5
     0086    _P0_6
     0087    _P0_7
     0087    _PCON
     0088    _IT0
     0088    _TCON
     0089    _IE0
     0089    _TMOD
     008A    _IT1
     008A    _TL0
     008B    _IE1
     008B    _TL1
     008C    _TH0
     008C    _TR0
     008D    _TF0
     008D    _TH1
     008E    _AUXR
     008E    _TR1
     008F    _CKCKON0
     008F    _CKCKON1
     008F    _TF1
     0090    _P1
     0090    _P1_0
     0091    _P1_1
     0092    _P1_2
     0093    _P1_3
     0094    _P1_4
     0095    _P1_5
     0096    _P1_6
     0097    _CKRL
     0097    _P1_7
     0098    _RI
     0098    _SCON
     0099    _SBUF
     0099    _SBUF0
     0099    _TI
     009A    _BRL
     009A    _RB8
     009B    _BDRCON
     009B    _TB8
     009C    _KBLS
     009C    _REN
     009D    _KBE
     009D    _SM2
     009E    _KBF
     009E    _SM1
     009F    _SM0
     00A0    _P2
     00A0    _P2_0
     00A0    __XPAGE
     00A1    _P2_1
     00A2    _AUXR1
     00A2    _P2_2
     00A3    _P2_3
     00A4    _P2_4
     00A5    _P2_5
     00A6    _P2_6
     00A6    _WDTRST
     00A7    _P2_7
     00A7    _WDTPRG
     00A8    _EX0
     00A8    _IE
     00A8    _IEN0
     00A9    _ET0
     00A9    _SADDR
     00AA    _EX1
     00AB    _ET1
     00AC    _ES
     00AD    _ET2
     00AE    _EC
     00AF    _EA
     00B0    _P3
     00B0    _P3_0
     00B0    _RXD
     00B0    _RXD0
     00B1    _IEN1
     00B1    _P3_1
     00B1    _TXD
     00B1    _TXD0
     00B2    _INT0
     00B2    _IPL1
     00B2    _P3_2
     00B3    _INT1
     00B3    _IPH1
     00B3    _P3_3
     00B4    _P3_4
     00B4    _T0
     00B5    _P3_5
     00B5    _T1
     00B6    _P3_6
     00B6    _WR
     00B7    _IPH0
     00B7    _P3_7
     00B7    _RD
     00B8    _IP
     00B8    _IPL0
     00B8    _PX0
     00B8    _PX0L
     00B9    _PT0
     00B9    _PT0L
     00B9    _SADEN
     00BA    _PX1
     00BA    _PX1L
     00BB    _PT1
     00BB    _PT1L
     00BC    _PLS
     00BC    _PS
     00BD    _PT2
     00BD    _PT2L
     00BE    _PPCL
     00C0    _P4
     00C0    _P4_0
     00C1    _P4_1
     00C2    _P4_2
     00C3    _P4_3
     00C3    _SPCON
     00C4    _P4_4
     00C4    _SPSTA
     00C5    _P4_5
     00C5    _SPDAT
     00C6    _P4_6
     00C7    _P4_7
     00C8    _CP_RL2
     00C8    _T2CON
     00C8    _T2CON_0
     00C9    _C_T2
     00C9    _T2CON_1
     00C9    _T2MOD
     00CA    _RCAP2L
     00CA    _T2CON_2
     00CA    _TR2
     00CB    _EXEN2
     00CB    _RCAP2H
     00CB    _T2CON_3
     00CC    _T2CON_4
     00CC    _TCLK
     00CC    _TL2
     00CD    _RCLK
     00CD    _T2CON_5
     00CD    _TH2
     00CE    _EXF2
     00CE    _T2CON_6
     00CF    _T2CON_7
     00CF    _TF2
     00D0    _P
     00D0    _PSW
     00D1    _F1
     00D2    _EECON
     00D2    _OV
     00D3    _RS0
     00D4    _RS1
     00D5    _F0
     00D6    _AC
     00D7    _CY
     00D8    _CCF0
     00D8    _CCON
     00D8    _P5
     00D8    _P5_0
     00D9    _CCF1
     00D9    _CMOD
     00D9    _P5_1
     00DA    _CCAPM0
     00DA    _CCF2
     00DA    _P5_2
     00DB    _CCAPM1
     00DB    _CCF3
     00DB    _P5_3
     00DC    _CCAPM2
     00DC    _CCF4
     00DC    _P5_4
     00DD    _CCAPM3
     00DD    _P5_5
     00DE    _CCAPM4
     00DE    _CR
     00DE    _P5_6
     00DF    _CF
     00DF    _P5_7
     00DF    l_SSEG
     00E0    _ACC
     00E9    _CL
     00EA    _CCAP0L
     00EB    _CCAP1L
     00EC    _CCAP2L
     00ED    _CCAP3L
     00EE    _CCAP4L
     00F0    _B
     00F0    _BREG_F0
     00F1    _BREG_F1
     00F2    _BREG_F2
     00F3    _BREG_F3
     00F4    _BREG_F4
     00F5    _BREG_F5
     00F6    _BREG_F6
     00F7    _BREG_F7
     00F9    _CH
     00FA    _CCAP0H
     00FB    _CCAP1H
     00FC    _CCAP2H
     00FD    _CCAP3H
     00FE    _CCAP4H
     0100    l_IRAM
     032C    l_XSEG
     032C    s_XISEG
     0640    l_CONST
     3592    l_CSEG
     35F1    s_CONST
     3C31    s_XINIT

Hexadecimal

Area                               Addr   Size   Decimal Bytes (Attributes)
--------------------------------   ----   ----   ------- ----- ------------
_CODE                              0000   0000 =      0. bytes (REL,CON)

Hexadecimal

Area                               Addr   Size   Decimal Bytes (Attributes)
--------------------------------   ----   ----   ------- ----- ------------
REG_BANK_0                         0000   0008 =      8. bytes (REL,OVR)

Hexadecimal

Area                               Addr   Size   Decimal Bytes (Attributes)
--------------------------------   ----   ----   ------- ----- ------------
REG_BANK_1                         0008   0000 =      0. bytes (REL,OVR)

Hexadecimal

Area                               Addr   Size   Decimal Bytes (Attributes)
--------------------------------   ----   ----   ------- ----- ------------
REG_BANK_2                         0010   0000 =      0. bytes (REL,OVR)

Hexadecimal

Area                               Addr   Size   Decimal Bytes (Attributes)
--------------------------------   ----   ----   ------- ----- ------------
REG_BANK_3                         0018   0000 =      0. bytes (REL,OVR)

Hexadecimal

Area                               Addr   Size   Decimal Bits  (Attributes)
--------------------------------   ----   ----   ------- ----- ------------
BSEG                               0000   0001 =      1. bits  (REL,CON,BIT)

Hexadecimal

Area                               Addr   Size   Decimal Bytes (Attributes)
--------------------------------   ----   ----   ------- ----- ------------
BSEG_BYTES                         0020   0001 =      1. bytes (REL,CON)

Hexadecimal

Area                               Addr   Size   Decimal Bytes (Attributes)
--------------------------------   ----   ----   ------- ----- ------------
BIT_BANK                           0021   0000 =      0. bytes (REL,OVR)

Hexadecimal

Area                               Addr   Size   Decimal Bytes (Attributes)
--------------------------------   ----   ----   ------- ----- ------------
DSEG                               0000   0077 =    119. bytes (REL,CON)

Hexadecimal

Area                               Addr   Size   Decimal Bytes (Attributes)
--------------------------------   ----   ----   ------- ----- ------------
OSEG                               000E   0009 =      9. bytes (REL,OVR)

      Value  Global
   --------  --------------------------------
     000E    _move_snake_sloc0_1_0
     000E    _snakeBitmapOffset_sloc0_1_0
     0010    _move_snake_sloc1_1_0
     0012    _move_snake_sloc2_1_0
     0014    _move_snake_sloc3_1_0
     0016    _move_snake_sloc4_1_0

Hexadecimal

Area                               Addr   Size   Decimal Bytes (Attributes)
--------------------------------   ----   ----   ------- ----- ------------
ISEG                               0080   0000 =      0. bytes (REL,CON)

Hexadecimal

Area                               Addr   Size   Decimal Bytes (Attributes)
--------------------------------   ----   ----   ------- ----- ------------
SSEG                               0021   00DF =    223. bytes (REL,OVR)

      Value  Global
   --------  --------------------------------
     0021    __start__stack

Hexadecimal

Area                               Addr   Size   Decimal Bytes (Attributes)
--------------------------------   ----   ----   ------- ----- ------------
RSEG                               0021   0000 =      0. bytes (REL,CON)

Hexadecimal

Area                               Addr   Size   Decimal Bytes (Attributes)
--------------------------------   ----   ----   ------- ----- ------------
PSEG                               0000   0000 =      0. bytes (REL,CON,PAG,XDATA)

Hexadecimal

Area                               Addr   Size   Decimal Bytes (Attributes)
--------------------------------   ----   ----   ------- ----- ------------
XSEG                               0000   032C =    812. bytes (REL,CON,XDATA)

      Value  Global
   --------  --------------------------------
  0D:0007    _EEPROM_WriteByte_PARM_2
  0D:0008    _EEPROM_WriteByte_PARM_3
  0D:000A    _EEPROM_ReadByte_PARM_2
  0D:0021    _snakeLen
  0D:0023    _snakeX
  0D:00EB    _snakeY
  0D:01B3    _snakeDir
  0D:01B5    _car_dir
  0D:01B7    _blockX
  0D:01C1    _blockY
  0D:01CB    _blockA
  0D:01D5    _blockB
  0D:01DF    _blockC
  0D:01E9    _blockD
  0D:01F3    _arena
  0D:0309    __Randseed
  0D:0311    _snakeBitmapOffset_PARM_2
  0D:031D    __divuint_PARM_2
  0D:0323    __mullong_PARM_2
  0D:0327    __moduint_PARM_2

Hexadecimal

Area                               Addr   Size   Decimal Bytes (Attributes)
--------------------------------   ----   ----   ------- ----- ------------
XISEG                              032C   0000 =      0. bytes (REL,CON,XDATA)

Hexadecimal

Area                               Addr   Size   Decimal Bytes (Attributes)
--------------------------------   ----   ----   ------- ----- ------------
HOME                               0000   0003 =      3. bytes (REL,CON,CODE)

Hexadecimal

Area                               Addr   Size   Decimal Bytes (Attributes)
--------------------------------   ----   ----   ------- ----- ------------
GSINIT0                            0003   0003 =      3. bytes (REL,CON,CODE)

      Value  Global
   --------  --------------------------------
  0C:0003    __sdcc_gsinit_startup

Hexadecimal

Area                               Addr   Size   Decimal Bytes (Attributes)
--------------------------------   ----   ----   ------- ----- ------------
GSINIT1                            0006   0000 =      0. bytes (REL,CON,CODE)

Hexadecimal

Area                               Addr   Size   Decimal Bytes (Attributes)
--------------------------------   ----   ----   ------- ----- ------------
GSINIT2                            0006   000A =     10. bytes (REL,CON,CODE)

Hexadecimal

Area                               Addr   Size   Decimal Bytes (Attributes)
--------------------------------   ----   ----   ------- ----- ------------
GSINIT3                            0010   0022 =     34. bytes (REL,CON,CODE)

      Value  Global
   --------  --------------------------------
  0C:0010    __mcs51_genXINIT

Hexadecimal

Area                               Addr   Size   Decimal Bytes (Attributes)
--------------------------------   ----   ----   ------- ----- ------------
GSINIT4                            0032   002A =     42. bytes (REL,CON,CODE)

      Value  Global
   --------  --------------------------------
  0C:0032    __mcs51_genRAMCLEAR
  0C:0038    __mcs51_genXRAMCLEAR

Hexadecimal

Area                               Addr   Size   Decimal Bytes (Attributes)
--------------------------------   ----   ----   ------- ----- ------------
GSINIT5                            005C   0000 =      0. bytes (REL,CON,CODE)

Hexadecimal

Area                               Addr   Size   Decimal Bytes (Attributes)
--------------------------------   ----   ----   ------- ----- ------------
GSINIT                             005C   0000 =      0. bytes (REL,CON,CODE)

Hexadecimal

Area                               Addr   Size   Decimal Bytes (Attributes)
--------------------------------   ----   ----   ------- ----- ------------
GSFINAL                            005C   0003 =      3. bytes (REL,CON,CODE)

Hexadecimal

Area                               Addr   Size   Decimal Bytes (Attributes)
--------------------------------   ----   ----   ------- ----- ------------
CSEG                               005F   3592 =  13714. bytes (REL,CON,CODE)

      Value  Global
   --------  --------------------------------
  0C:005F    _delay_us
  0C:0092    _delay_ms
  0C:00D3    _delay_sec
  0C:00FB    _I2C_Init
  0C:0100    _I2C_Clock
  0C:0111    _I2C_Start
  0C:012E    _I2C_Stop
  0C:0149    _I2C_Write
  0C:0176    _I2C_Read
  0C:01C0    _I2C_Ack
  0C:01C8    _EEPROM_WriteByte
  0C:0206    _EEPROM_ReadByte
  0C:0271    _I2C_NoAck
  0C:0279    _eereset
  0C:02AF    _watchdog_start
  0C:02B9    _watchdog_reset
  0C:02C0    _delay
  0C:02F3    _lcdcmd1
  0C:0316    _lcddata_b1
  0C:0339    _lcdcmd2
  0C:035C    _lcddata_b2
  0C:037F    _lcd_init
  0C:044A    _lcd_init_without_clear
  0C:047C    _lcd_put_str
  0C:05F0    _lcd_put_score
  0C:0902    _menu
  0C:0E63    _introduction
  0C:1310    _high_score
  0C:168D    __sdcc_program_startup
  0C:1692    __sdcc_external_startup
  0C:16A4    _putchar
  0C:16B6    _getchar
  0C:16C2    _main
  0C:1C9F    _build_road_borders
  0C:1D13    _build_road_divider
  0C:1D51    _build_road_divider_1
  0C:1D8F    _generate_random_number
  0C:1DBD    _glcdUpdate1
  0C:240A    _move_block
  0C:24C9    _move_block_other
  0C:2590    _move_block_other_1
  0C:264F    _refreshCarDir
  0C:2741    _rand
  0C:279D    _srand
  0C:27CF    _put_food
  0C:283A    _snakeBitmapOffset
  0C:2D64    _glcdUpdate
  0C:3026    _move_snake
  0C:33DC    _refreshSnakeDir
  0C:343C    __divuint
  0C:34D7    __mullong
  0C:34D7    __mullong_dummy
  0C:3543    __moduint

Hexadecimal

Area                               Addr   Size   Decimal Bytes (Attributes)
--------------------------------   ----   ----   ------- ----- ------------
CONST                              35F1   0640 =   1600. bytes (REL,CON,CODE)

      Value  Global
   --------  --------------------------------
  0C:3AA1    _RACING_BITMAP
  0C:3AF1    _BITMAP
  0C:3BE1    _SCORE

Hexadecimal

Area                               Addr   Size   Decimal Bytes (Attributes)
--------------------------------   ----   ----   ------- ----- ------------
XINIT                              3C31   0000 =      0. bytes (REL,CON,CODE)
ASxxxx Linker V01.70 + NoICE + SDCC Feb 1999,  page 1.

Files Linked      [ module(s) ]

obj\Release\i2c..rel
obj\Release\lcd..rel
obj\Release\main..rel
obj\Release\racing..rel
obj\Release\snake..rel

Libraries Linked            [   object  file   ]

C:\SDCC\bin\..\lib\large/libint.lib    [         _divuint ]
C:\SDCC\bin\..\lib\large/mcs51.lib    [     crtclear.rel ]
C:\SDCC\bin\..\lib\large/mcs51.lib    [     crtxinit.rel ]
C:\SDCC\bin\..\lib\large/liblong.lib    [     _mullong.rel ]
C:\SDCC\bin\..\lib\large/libint.lib    [         _moduint ]
C:\SDCC\bin\..\lib\large/mcs51.lib    [    crtxclear.rel ]
C:\SDCC\bin\..\lib\large/mcs51.lib    [   crtpagesfr.rel ]
C:\SDCC\bin\..\lib\large/mcs51.lib    [     crtstart.rel ]

ASxxxx Linker V01.70 + NoICE + SDCC Feb 1999,  page 2.

User Base Address Definitions

HOME = 0x0000
ISEG = 0x0080
BSEG = 0x0000

